// Jest Snapshot v1, https://goo.gl/fbAQLP

exports[`Pruebas en el componente TodoList <TodoList  /> Debe de mostrarse correctamente 1`] = `
<ol
  className="list-group list-group-flush"
>
  <TodoItem
    handleDelete={[MockFunction]}
    handleToggle={[MockFunction]}
    index={0}
    key="1"
    todo={
      Object {
        "desc": "Aprender React",
        "done": false,
        "id": 1,
      }
    }
  />
  <TodoItem
    handleDelete={[MockFunction]}
    handleToggle={[MockFunction]}
    index={1}
    key="2"
    todo={
      Object {
        "desc": "Aprender Mongo",
        "done": false,
        "id": 2,
      }
    }
  />
</ol>
`;
